// Jest Snapshot v1, https://goo.gl/fbAQLP

exports[`The Session Timeout Handler Shows the modal if there is less time left in the session than the delay 1`] = `
<div>
  <div
    className="sc-iCfMLu sc-furwcr kQXSYc gDlUxH pg-modal-container"
    id="logout-warning-modal"
    size="lg"
    style={
      Object {
        "zIndex": 100,
      }
    }
  >
    <div
      className="sc-pVTFL fdkSXM pg-modal-main"
    >
      <header
        className="sc-jrQzAO eeqVZV pg-modal-header h4"
      >
        Inactivity Logout Warning
      </header>
      <div
        className="sc-kDTinF cIwtan pg-modal-content"
        style={
          Object {
            "padding": "2em",
          }
        }
      >
        <div
          className="sc-fFeiMQ bgyiGU pg-grid-container"
          cols={12}
        >
          <div
            className="sc-bkkeKt sc-ieecCq hOEAKj fEyLc pg-grid-row"
          >
            Your session is about to expire due to inactivity.
          </div>
          <div
            className="sc-bkkeKt sc-ieecCq hOEAKj fEyLc pg-grid-row"
          >
            You will be logged out in 
            15
             seconds.
          </div>
          <div
            className="sc-bkkeKt sc-ieecCq eHeiPc fEyLc pg-grid-row"
            style={
              Object {
                "marginTop": "1em",
              }
            }
          >
            <form
              action="logout"
              method="post"
              style={
                Object {
                  "marginBottom": 0,
                }
              }
            >
              <button
                className="sc-kfPuZi jgizTO pg-button"
                id="logout-warning-modal-logout-button"
                type="submit"
              >
                Logout
              </button>
            </form>
            <button
              className="sc-kfPuZi epUors pg-button"
              id="logout-warning-modal-remain-active-button"
              onClick={[Function]}
              style={
                Object {
                  "marginLeft": "1em",
                }
              }
            >
              Remain active
            </button>
          </div>
        </div>
      </div>
    </div>
  </div>
</div>
`;

exports[`The Session Timeout Handler renders the defaults 1`] = `
<div>
  <div
    className="sc-iCfMLu sc-furwcr kQXSYc gDlUxH pg-modal-container"
    id="logout-warning-modal"
    size="lg"
    style={
      Object {
        "zIndex": 100,
      }
    }
  >
    <div
      className="sc-pVTFL fdkSXM pg-modal-main"
    >
      <header
        className="sc-jrQzAO eeqVZV pg-modal-header h4"
      >
        Inactivity Logout Warning
      </header>
      <div
        className="sc-kDTinF cIwtan pg-modal-content"
        style={
          Object {
            "padding": "2em",
          }
        }
      >
        <div
          className="sc-fFeiMQ bgyiGU pg-grid-container"
          cols={12}
        >
          <div
            className="sc-bkkeKt sc-ieecCq hOEAKj fEyLc pg-grid-row"
          >
            Your session is about to expire due to inactivity.
          </div>
          <div
            className="sc-bkkeKt sc-ieecCq hOEAKj fEyLc pg-grid-row"
          >
            You will be logged out in 
            119
             seconds.
          </div>
          <div
            className="sc-bkkeKt sc-ieecCq eHeiPc fEyLc pg-grid-row"
            style={
              Object {
                "marginTop": "1em",
              }
            }
          >
            <form
              action="/logout"
              method="post"
              style={
                Object {
                  "marginBottom": 0,
                }
              }
            >
              <button
                className="sc-kfPuZi jgizTO pg-button"
                id="logout-warning-modal-logout-button"
                type="submit"
              >
                Logout
              </button>
            </form>
            <button
              className="sc-kfPuZi epUors pg-button"
              id="logout-warning-modal-remain-active-button"
              onClick={[Function]}
              style={
                Object {
                  "marginLeft": "1em",
                }
              }
            >
              Remain active
            </button>
          </div>
        </div>
      </div>
    </div>
  </div>
</div>
`;

exports[`The Session Timeout Handler renders the modal with the render function provided 1`] = `
<div>
  <div>
    Session will expire in 
    15
     seconds
  </div>
</div>
`;
